should match snapshot:
  1: |
    apiVersion: v1
    data:
      config.toml: |
        # template
    kind: ConfigMap
    metadata:
      name: RELEASE-NAME-podsync
