should match snapshot:
  1: |
    apiVersion: v1
    kind: PersistentVolumeClaim
    metadata:
      annotations: {}
      name: RELEASE-NAME-podsync
    spec:
      accessModes:
      - ReadWriteOnce
      resources:
        requests:
          storage: 20Gi
      storageClassName: null
      volumeMode: Filesystem
