should match snapshot:
  1: |
    apiVersion: v1
    kind: Service
    metadata:
      labels:
        app.kubernetes.io/instance: RELEASE-NAME
        app.kubernetes.io/managed-by: Helm
        app.kubernetes.io/name: podsync
        app.kubernetes.io/version: 1.0.0
        helm.sh/chart: podsync-1.0.0
      name: RELEASE-NAME-podsync
    spec:
      ports:
      - name: http
        port: 80
        protocol: TCP
        targetPort: 8080
      selector:
        app.kubernetes.io/instance: RELEASE-NAME
        app.kubernetes.io/name: podsync
      type: ClusterIP
