should match snapshot:
  1: |
    apiVersion: v1
    data:
      config.yaml: |
        # configuration file generated by helm
        name: My Self-Hosted Szurubooru
        secret: ${SZURUBOORU_SECRET}
    kind: ConfigMap
    metadata:
      name: RELEASE-NAME-szurubooru-server
