should match snapshot:
  1: |
    apiVersion: networking.k8s.io/v1beta1
    kind: Ingress
    metadata:
      labels:
        app.kubernetes.io/instance: RELEASE-NAME
        app.kubernetes.io/managed-by: Helm
        app.kubernetes.io/name: szurubooru-server
        app.kubernetes.io/version: 1.0.0
        helm.sh/chart: szurubooru-server-1.0.0
      name: RELEASE-NAME-szurubooru-server
    spec:
      rules:
      - host: chart-example.local
        http:
          paths:
          - backend:
              service:
                name: RELEASE-NAME-szurubooru-server
                port:
                  number: 6666
            path: /
            pathType: ImplementationSpecific
