should match snapshot:
  1: |
    apiVersion: v1
    kind: ServiceAccount
    metadata:
      labels:
        app.kubernetes.io/instance: RELEASE-NAME
        app.kubernetes.io/managed-by: Helm
        app.kubernetes.io/name: szurubooru-server
        app.kubernetes.io/version: 1.0.0
        helm.sh/chart: szurubooru-server-1.0.0
      name: RELEASE-NAME-szurubooru-server
