should match snapshot:
  1: |
    apiVersion: autoscaling/v2beta1
    kind: HorizontalPodAutoscaler
    metadata:
      labels:
        app.kubernetes.io/instance: RELEASE-NAME
        app.kubernetes.io/managed-by: Helm
        app.kubernetes.io/name: szurubooru-client
        app.kubernetes.io/version: 1.0.0
        helm.sh/chart: szurubooru-client-1.0.0
      name: RELEASE-NAME-szurubooru-client
    spec:
      maxReplicas: 100
      metrics:
      - resource:
          name: cpu
          targetAverageUtilization: 80
        type: Resource
      minReplicas: 1
      scaleTargetRef:
        apiVersion: apps/v1
        kind: Deployment
        name: RELEASE-NAME-szurubooru-client
