should match snapshot:
  1: |
    apiVersion: v1
    kind: Service
    metadata:
      labels:
        app.kubernetes.io/instance: RELEASE-NAME
        app.kubernetes.io/managed-by: Helm
        app.kubernetes.io/name: szurubooru-client
        app.kubernetes.io/version: 1.0.0
        helm.sh/chart: szurubooru-client-1.0.0
      name: RELEASE-NAME-szurubooru-client
    spec:
      ports:
      - name: http
        port: 80
        protocol: TCP
        targetPort: http
      selector:
        app.kubernetes.io/instance: RELEASE-NAME
        app.kubernetes.io/name: szurubooru-client
      type: ClusterIP
